Archive member included to satisfy reference by file (symbol)

d:/虚拟实验环境/risc-v embedded gcc/bin/../lib/gcc/riscv-none-embed/8.2.0/rv32imac/ilp32\libgcc.a(_udivdi3.o)
                              ./obj/printf.o (__udivdi3)
d:/虚拟实验环境/risc-v embedded gcc/bin/../lib/gcc/riscv-none-embed/8.2.0/rv32imac/ilp32\libgcc.a(_umoddi3.o)
                              ./obj/printf.o (__umoddi3)
d:/虚拟实验环境/risc-v embedded gcc/bin/../lib/gcc/riscv-none-embed/8.2.0/rv32imac/ilp32\libgcc.a(ledf2.o)
                              ./obj/printf.o (__ltdf2)
d:/虚拟实验环境/risc-v embedded gcc/bin/../lib/gcc/riscv-none-embed/8.2.0/rv32imac/ilp32\libgcc.a(muldf3.o)
                              ./obj/printf.o (__muldf3)
d:/虚拟实验环境/risc-v embedded gcc/bin/../lib/gcc/riscv-none-embed/8.2.0/rv32imac/ilp32\libgcc.a(subdf3.o)
                              ./obj/printf.o (__subdf3)
d:/虚拟实验环境/risc-v embedded gcc/bin/../lib/gcc/riscv-none-embed/8.2.0/rv32imac/ilp32\libgcc.a(fixunsdfsi.o)
                              ./obj/printf.o (__fixunsdfsi)
d:/虚拟实验环境/risc-v embedded gcc/bin/../lib/gcc/riscv-none-embed/8.2.0/rv32imac/ilp32\libgcc.a(floatunsidf.o)
                              ./obj/printf.o (__floatunsidf)
d:/虚拟实验环境/risc-v embedded gcc/bin/../lib/gcc/riscv-none-embed/8.2.0/rv32imac/ilp32\libgcc.a(fixunsdfdi.o)
                              ./obj/printf.o (__fixunsdfdi)
d:/虚拟实验环境/risc-v embedded gcc/bin/../lib/gcc/riscv-none-embed/8.2.0/rv32imac/ilp32\libgcc.a(_clz.o)
                              d:/虚拟实验环境/risc-v embedded gcc/bin/../lib/gcc/riscv-none-embed/8.2.0/rv32imac/ilp32\libgcc.a(_udivdi3.o) (__clz_tab)
d:/虚拟实验环境/risc-v embedded gcc/bin/../lib/gcc/riscv-none-embed/8.2.0/rv32imac/ilp32\libgcc.a(_clzsi2.o)
                              d:/虚拟实验环境/risc-v embedded gcc/bin/../lib/gcc/riscv-none-embed/8.2.0/rv32imac/ilp32\libgcc.a(muldf3.o) (__clzsi2)
d:/虚拟实验环境/risc-v embedded gcc/bin/../lib/gcc/riscv-none-embed/8.2.0/../../../../riscv-none-embed/lib/rv32imac/ilp32\libg_nano.a(lib_a-memcpy.o)
                              ./obj/flash.o (memcpy)
d:/虚拟实验环境/risc-v embedded gcc/bin/../lib/gcc/riscv-none-embed/8.2.0/../../../../riscv-none-embed/lib/rv32imac/ilp32\libg_nano.a(lib_a-memset.o)
                              ./obj/printf.o (memset)
d:/虚拟实验环境/risc-v embedded gcc/bin/../lib/gcc/riscv-none-embed/8.2.0/../../../../riscv-none-embed/lib/rv32imac/ilp32\libg_nano.a(lib_a-strcmp.o)
                              ./obj/emuart.o (strcmp)
d:/虚拟实验环境/risc-v embedded gcc/bin/../lib/gcc/riscv-none-embed/8.2.0/../../../../riscv-none-embed/lib/rv32imac/ilp32\libg_nano.a(lib_a-strlen.o)
                              ./obj/printf.o (strlen)
d:/虚拟实验环境/risc-v embedded gcc/bin/../lib/gcc/riscv-none-embed/8.2.0/../../../../riscv-none-embed/lib/rv32imac/ilp32\libg_nano.a(lib_a-strncmp.o)
                              ./obj/emuart.o (strncmp)

Allocating common symbols
Common symbol       size              file

component_fun       0x4               ./obj/gec.o

Discarded input sections

 .text          0x0000000000000000        0x0 ./obj/emuart.o
 .data          0x0000000000000000        0x0 ./obj/emuart.o
 .bss           0x0000000000000000        0x0 ./obj/emuart.o
 .text.crc16    0x0000000000000000       0x44 ./obj/emuart.o
 .text.sendFrame
                0x0000000000000000       0xc4 ./obj/emuart.o
 .text.emuart_send1
                0x0000000000000000       0x1c ./obj/emuart.o
 .text.emuart_sendN
                0x0000000000000000       0x12 ./obj/emuart.o
 .text.emuart_send_string
                0x0000000000000000       0x2a ./obj/emuart.o
 .text.emuart_frame
                0x0000000000000000      0x244 ./obj/emuart.o
 .text.useremuart_frame
                0x0000000000000000      0x272 ./obj/emuart.o
 .text.emuart_init
                0x0000000000000000       0x48 ./obj/emuart.o
 .rodata.emuart_frame.str1.4
                0x0000000000000000       0x2f ./obj/emuart.o
 .rodata.emuart_init.str1.4
                0x0000000000000000        0x2 ./obj/emuart.o
 .sbss.UART_NO  0x0000000000000000        0x1 ./obj/emuart.o
 .sdata.index.2873
                0x0000000000000000        0x2 ./obj/emuart.o
 .sdata.index.2889
                0x0000000000000000        0x2 ./obj/emuart.o
 .sdata.length.2874
                0x0000000000000000        0x2 ./obj/emuart.o
 .sdata.length.2890
                0x0000000000000000        0x2 ./obj/emuart.o
 .sdata.markPos.2875
                0x0000000000000000        0x1 ./obj/emuart.o
 .sdata.markPos.2891
                0x0000000000000000        0x1 ./obj/emuart.o
 .sdata2.emuartTerminStr1
                0x0000000000000000        0x6 ./obj/emuart.o
 .sdata2.emuartTerminStr2
                0x0000000000000000        0x8 ./obj/emuart.o
 .debug_info    0x0000000000000000      0xf94 ./obj/emuart.o
 .debug_abbrev  0x0000000000000000      0x342 ./obj/emuart.o
 .debug_loc     0x0000000000000000      0x49c ./obj/emuart.o
 .debug_aranges
                0x0000000000000000       0x58 ./obj/emuart.o
 .debug_ranges  0x0000000000000000       0x48 ./obj/emuart.o
 .debug_line    0x0000000000000000      0xdff ./obj/emuart.o
 .debug_str     0x0000000000000000      0x708 ./obj/emuart.o
 .comment       0x0000000000000000       0x34 ./obj/emuart.o
 .debug_frame   0x0000000000000000      0x12c ./obj/emuart.o
 .text          0x0000000000000000        0x0 ./obj/system_ch32v30x.o
 .data          0x0000000000000000        0x0 ./obj/system_ch32v30x.o
 .bss           0x0000000000000000        0x0 ./obj/system_ch32v30x.o
 .text.SystemCoreClockUpdate
                0x0000000000000000       0xe4 ./obj/system_ch32v30x.o
 .data.AHBPrescTable
                0x0000000000000000       0x10 ./obj/system_ch32v30x.o
 .sdata.SystemCoreClock
                0x0000000000000000        0x4 ./obj/system_ch32v30x.o
 .text          0x0000000000000000        0x0 ./obj/flash.o
 .data          0x0000000000000000        0x0 ./obj/flash.o
 .bss           0x0000000000000000        0x0 ./obj/flash.o
 .text.flash_erase_fast
                0x0000000000000000       0x5c ./obj/flash.o
 .text.flash_test
                0x0000000000000000       0x9a ./obj/flash.o
 .text.flash_read
                0x0000000000000000       0x22 ./obj/flash.o
 .text.flash_protect
                0x0000000000000000       0x60 ./obj/flash.o
 .text.flash_unprotect
                0x0000000000000000       0x5c ./obj/flash.o
 .text.flash_isSectorProtected
                0x0000000000000000       0x14 ./obj/flash.o
 .text.flash_write_physical_halbit
                0x0000000000000000       0xae ./obj/flash.o
 .text.flash_write_Word
                0x0000000000000000       0x56 ./obj/flash.o
 .text.flash_write_one
                0x0000000000000000       0x4e ./obj/flash.o
 .text.FLASH_bufreset
                0x0000000000000000       0x30 ./obj/flash.o
 .text.flash_Program_fast
                0x0000000000000000       0x3c ./obj/flash.o
 .text.flash_write_physical_fast
                0x0000000000000000      0x10e ./obj/flash.o
 .text.flash_write_fast
                0x0000000000000000      0x104 ./obj/flash.o
 .text          0x0000000000000000        0x0 ./obj/gec.o
 .data          0x0000000000000000        0x0 ./obj/gec.o
 .bss           0x0000000000000000        0x0 ./obj/gec.o
 .text          0x0000000000000000        0x0 ./obj/uart.o
 .data          0x0000000000000000        0x0 ./obj/uart.o
 .bss           0x0000000000000000        0x0 ./obj/uart.o
 .text.uart_sendN
                0x0000000000000000       0x56 ./obj/uart.o
 .text.uart_send_string
                0x0000000000000000       0x46 ./obj/uart.o
 .text.uart_reN
                0x0000000000000000       0x6a ./obj/uart.o
 .text.uart_disable_re_int
                0x0000000000000000       0x6c ./obj/uart.o
 .text.uart_get_re_int
                0x0000000000000000       0x48 ./obj/uart.o
 .text.uart_deinit
                0x0000000000000000       0xa8 ./obj/uart.o
 .text          0x0000000000000000        0x0 ./obj/core_riscv.o
 .data          0x0000000000000000        0x0 ./obj/core_riscv.o
 .bss           0x0000000000000000        0x0 ./obj/core_riscv.o
 .text.__get_FFLAGS
                0x0000000000000000        0x6 ./obj/core_riscv.o
 .text.__set_FFLAGS
                0x0000000000000000        0x6 ./obj/core_riscv.o
 .text.__get_FRM
                0x0000000000000000        0x6 ./obj/core_riscv.o
 .text.__set_FRM
                0x0000000000000000        0x6 ./obj/core_riscv.o
 .text.__get_FCSR
                0x0000000000000000        0x6 ./obj/core_riscv.o
 .text.__set_FCSR
                0x0000000000000000        0x6 ./obj/core_riscv.o
 .text.__get_MSTATUS
                0x0000000000000000        0x6 ./obj/core_riscv.o
 .text.__set_MSTATUS
                0x0000000000000000        0x6 ./obj/core_riscv.o
 .text.__get_MISA
                0x0000000000000000        0x6 ./obj/core_riscv.o
 .text.__set_MISA
                0x0000000000000000        0x6 ./obj/core_riscv.o
 .text.__get_MIE
                0x0000000000000000        0x6 ./obj/core_riscv.o
 .text.__set_MIE
                0x0000000000000000        0x6 ./obj/core_riscv.o
 .text.__get_MTVEC
                0x0000000000000000        0x6 ./obj/core_riscv.o
 .text.__set_MTVEC
                0x0000000000000000        0x6 ./obj/core_riscv.o
 .text.__get_MSCRATCH
                0x0000000000000000        0x6 ./obj/core_riscv.o
 .text.__set_MSCRATCH
                0x0000000000000000        0x6 ./obj/core_riscv.o
 .text.__get_MEPC
                0x0000000000000000        0x6 ./obj/core_riscv.o
 .text.__set_MEPC
                0x0000000000000000        0x6 ./obj/core_riscv.o
 .text.__get_MCAUSE
                0x0000000000000000        0x6 ./obj/core_riscv.o
 .text.__set_MCAUSE
                0x0000000000000000        0x6 ./obj/core_riscv.o
 .text.__get_MTVAL
                0x0000000000000000        0x6 ./obj/core_riscv.o
 .text.__set_MTVAL
                0x0000000000000000        0x6 ./obj/core_riscv.o
 .text.__get_MIP
                0x0000000000000000        0x6 ./obj/core_riscv.o
 .text.__set_MIP
                0x0000000000000000        0x6 ./obj/core_riscv.o
 .text.__get_MCYCLE
                0x0000000000000000        0x6 ./obj/core_riscv.o
 .text.__set_MCYCLE
                0x0000000000000000        0x6 ./obj/core_riscv.o
 .text.__get_MCYCLEH
                0x0000000000000000        0x6 ./obj/core_riscv.o
 .text.__set_MCYCLEH
                0x0000000000000000        0x6 ./obj/core_riscv.o
 .text.__get_MINSTRET
                0x0000000000000000        0x6 ./obj/core_riscv.o
 .text.__set_MINSTRET
                0x0000000000000000        0x6 ./obj/core_riscv.o
 .text.__get_MINSTRETH
                0x0000000000000000        0x6 ./obj/core_riscv.o
 .text.__set_MINSTRETH
                0x0000000000000000        0x6 ./obj/core_riscv.o
 .text.__get_MVENDORID
                0x0000000000000000        0x6 ./obj/core_riscv.o
 .text.__get_MARCHID
                0x0000000000000000        0x6 ./obj/core_riscv.o
 .text.__get_MIMPID
                0x0000000000000000        0x6 ./obj/core_riscv.o
 .text.__get_MHARTID
                0x0000000000000000        0x6 ./obj/core_riscv.o
 .debug_info    0x0000000000000000      0x61c ./obj/core_riscv.o
 .debug_abbrev  0x0000000000000000      0x10d ./obj/core_riscv.o
 .debug_aranges
                0x0000000000000000      0x138 ./obj/core_riscv.o
 .debug_ranges  0x0000000000000000      0x128 ./obj/core_riscv.o
 .debug_line    0x0000000000000000      0x6d5 ./obj/core_riscv.o
 .debug_str     0x0000000000000000      0x35c ./obj/core_riscv.o
 .comment       0x0000000000000000       0x34 ./obj/core_riscv.o
 .debug_frame   0x0000000000000000      0x250 ./obj/core_riscv.o
 .text          0x0000000000000000        0x0 ./obj/user.o
 .data          0x0000000000000000        0x0 ./obj/user.o
 .bss           0x0000000000000000        0x0 ./obj/user.o
 .text          0x0000000000000000        0x0 ./obj/printf.o
 .data          0x0000000000000000        0x0 ./obj/printf.o
 .bss           0x0000000000000000        0x0 ./obj/printf.o
 .bss           0x0000000000000000        0x0 ./obj/main.o
 .data          0x0000000000000000        0x0 ./obj/gpio.o
 .bss           0x0000000000000000        0x0 ./obj/gpio.o
 .bss           0x0000000000000000        0x0 ./obj/isr.o
 .text          0x0000000000000000        0x0 ./obj/startup_ch32v30x.o
 .data          0x0000000000000000        0x0 ./obj/startup_ch32v30x.o
 .bss           0x0000000000000000        0x0 ./obj/startup_ch32v30x.o
 .text.vector_handler
                0x0000000000000000        0x0 ./obj/startup_ch32v30x.o
 .text          0x0000000000000000        0x0 d:/虚拟实验环境/risc-v embedded gcc/bin/../lib/gcc/riscv-none-embed/8.2.0/rv32imac/ilp32\libgcc.a(_udivdi3.o)
 .data          0x0000000000000000        0x0 d:/虚拟实验环境/risc-v embedded gcc/bin/../lib/gcc/riscv-none-embed/8.2.0/rv32imac/ilp32\libgcc.a(_udivdi3.o)
 .bss           0x0000000000000000        0x0 d:/虚拟实验环境/risc-v embedded gcc/bin/../lib/gcc/riscv-none-embed/8.2.0/rv32imac/ilp32\libgcc.a(_udivdi3.o)
 .eh_frame      0x0000000000000000       0x28 d:/虚拟实验环境/risc-v embedded gcc/bin/../lib/gcc/riscv-none-embed/8.2.0/rv32imac/ilp32\libgcc.a(_udivdi3.o)
 .text          0x0000000000000000        0x0 d:/虚拟实验环境/risc-v embedded gcc/bin/../lib/gcc/riscv-none-embed/8.2.0/rv32imac/ilp32\libgcc.a(_umoddi3.o)
 .data          0x0000000000000000        0x0 d:/虚拟实验环境/risc-v embedded gcc/bin/../lib/gcc/riscv-none-embed/8.2.0/rv32imac/ilp32\libgcc.a(_umoddi3.o)
 .bss           0x0000000000000000        0x0 d:/虚拟实验环境/risc-v embedded gcc/bin/../lib/gcc/riscv-none-embed/8.2.0/rv32imac/ilp32\libgcc.a(_umoddi3.o)
 .eh_frame      0x0000000000000000       0x28 d:/虚拟实验环境/risc-v embedded gcc/bin/../lib/gcc/riscv-none-embed/8.2.0/rv32imac/ilp32\libgcc.a(_umoddi3.o)
 .text          0x0000000000000000        0x0 d:/虚拟实验环境/risc-v embedded gcc/bin/../lib/gcc/riscv-none-embed/8.2.0/rv32imac/ilp32\libgcc.a(ledf2.o)
 .data          0x0000000000000000        0x0 d:/虚拟实验环境/risc-v embedded gcc/bin/../lib/gcc/riscv-none-embed/8.2.0/rv32imac/ilp32\libgcc.a(ledf2.o)
 .bss           0x0000000000000000        0x0 d:/虚拟实验环境/risc-v embedded gcc/bin/../lib/gcc/riscv-none-embed/8.2.0/rv32imac/ilp32\libgcc.a(ledf2.o)
 .text          0x0000000000000000        0x0 d:/虚拟实验环境/risc-v embedded gcc/bin/../lib/gcc/riscv-none-embed/8.2.0/rv32imac/ilp32\libgcc.a(muldf3.o)
 .data          0x0000000000000000        0x0 d:/虚拟实验环境/risc-v embedded gcc/bin/../lib/gcc/riscv-none-embed/8.2.0/rv32imac/ilp32\libgcc.a(muldf3.o)
 .bss           0x0000000000000000        0x0 d:/虚拟实验环境/risc-v embedded gcc/bin/../lib/gcc/riscv-none-embed/8.2.0/rv32imac/ilp32\libgcc.a(muldf3.o)
 .text          0x0000000000000000        0x0 d:/虚拟实验环境/risc-v embedded gcc/bin/../lib/gcc/riscv-none-embed/8.2.0/rv32imac/ilp32\libgcc.a(subdf3.o)
 .data          0x0000000000000000        0x0 d:/虚拟实验环境/risc-v embedded gcc/bin/../lib/gcc/riscv-none-embed/8.2.0/rv32imac/ilp32\libgcc.a(subdf3.o)
 .bss           0x0000000000000000        0x0 d:/虚拟实验环境/risc-v embedded gcc/bin/../lib/gcc/riscv-none-embed/8.2.0/rv32imac/ilp32\libgcc.a(subdf3.o)
 .text          0x0000000000000000        0x0 d:/虚拟实验环境/risc-v embedded gcc/bin/../lib/gcc/riscv-none-embed/8.2.0/rv32imac/ilp32\libgcc.a(fixunsdfsi.o)
 .data          0x0000000000000000        0x0 d:/虚拟实验环境/risc-v embedded gcc/bin/../lib/gcc/riscv-none-embed/8.2.0/rv32imac/ilp32\libgcc.a(fixunsdfsi.o)
 .bss           0x0000000000000000        0x0 d:/虚拟实验环境/risc-v embedded gcc/bin/../lib/gcc/riscv-none-embed/8.2.0/rv32imac/ilp32\libgcc.a(fixunsdfsi.o)
 .text          0x0000000000000000        0x0 d:/虚拟实验环境/risc-v embedded gcc/bin/../lib/gcc/riscv-none-embed/8.2.0/rv32imac/ilp32\libgcc.a(floatunsidf.o)
 .data          0x0000000000000000        0x0 d:/虚拟实验环境/risc-v embedded gcc/bin/../lib/gcc/riscv-none-embed/8.2.0/rv32imac/ilp32\libgcc.a(floatunsidf.o)
 .bss           0x0000000000000000        0x0 d:/虚拟实验环境/risc-v embedded gcc/bin/../lib/gcc/riscv-none-embed/8.2.0/rv32imac/ilp32\libgcc.a(floatunsidf.o)
 .text          0x0000000000000000        0x0 d:/虚拟实验环境/risc-v embedded gcc/bin/../lib/gcc/riscv-none-embed/8.2.0/rv32imac/ilp32\libgcc.a(fixunsdfdi.o)
 .data          0x0000000000000000        0x0 d:/虚拟实验环境/risc-v embedded gcc/bin/../lib/gcc/riscv-none-embed/8.2.0/rv32imac/ilp32\libgcc.a(fixunsdfdi.o)
 .bss           0x0000000000000000        0x0 d:/虚拟实验环境/risc-v embedded gcc/bin/../lib/gcc/riscv-none-embed/8.2.0/rv32imac/ilp32\libgcc.a(fixunsdfdi.o)
 .text          0x0000000000000000        0x0 d:/虚拟实验环境/risc-v embedded gcc/bin/../lib/gcc/riscv-none-embed/8.2.0/rv32imac/ilp32\libgcc.a(_clz.o)
 .data          0x0000000000000000        0x0 d:/虚拟实验环境/risc-v embedded gcc/bin/../lib/gcc/riscv-none-embed/8.2.0/rv32imac/ilp32\libgcc.a(_clz.o)
 .bss           0x0000000000000000        0x0 d:/虚拟实验环境/risc-v embedded gcc/bin/../lib/gcc/riscv-none-embed/8.2.0/rv32imac/ilp32\libgcc.a(_clz.o)
 .text          0x0000000000000000        0x0 d:/虚拟实验环境/risc-v embedded gcc/bin/../lib/gcc/riscv-none-embed/8.2.0/rv32imac/ilp32\libgcc.a(_clzsi2.o)
 .data          0x0000000000000000        0x0 d:/虚拟实验环境/risc-v embedded gcc/bin/../lib/gcc/riscv-none-embed/8.2.0/rv32imac/ilp32\libgcc.a(_clzsi2.o)
 .bss           0x0000000000000000        0x0 d:/虚拟实验环境/risc-v embedded gcc/bin/../lib/gcc/riscv-none-embed/8.2.0/rv32imac/ilp32\libgcc.a(_clzsi2.o)
 .text          0x0000000000000000        0x0 d:/虚拟实验环境/risc-v embedded gcc/bin/../lib/gcc/riscv-none-embed/8.2.0/../../../../riscv-none-embed/lib/rv32imac/ilp32\libg_nano.a(lib_a-memcpy.o)
 .data          0x0000000000000000        0x0 d:/虚拟实验环境/risc-v embedded gcc/bin/../lib/gcc/riscv-none-embed/8.2.0/../../../../riscv-none-embed/lib/rv32imac/ilp32\libg_nano.a(lib_a-memcpy.o)
 .bss           0x0000000000000000        0x0 d:/虚拟实验环境/risc-v embedded gcc/bin/../lib/gcc/riscv-none-embed/8.2.0/../../../../riscv-none-embed/lib/rv32imac/ilp32\libg_nano.a(lib_a-memcpy.o)
 .data          0x0000000000000000        0x0 d:/虚拟实验环境/risc-v embedded gcc/bin/../lib/gcc/riscv-none-embed/8.2.0/../../../../riscv-none-embed/lib/rv32imac/ilp32\libg_nano.a(lib_a-memset.o)
 .bss           0x0000000000000000        0x0 d:/虚拟实验环境/risc-v embedded gcc/bin/../lib/gcc/riscv-none-embed/8.2.0/../../../../riscv-none-embed/lib/rv32imac/ilp32\libg_nano.a(lib_a-memset.o)
 .text          0x0000000000000000      0x11e d:/虚拟实验环境/risc-v embedded gcc/bin/../lib/gcc/riscv-none-embed/8.2.0/../../../../riscv-none-embed/lib/rv32imac/ilp32\libg_nano.a(lib_a-strcmp.o)
 .data          0x0000000000000000        0x0 d:/虚拟实验环境/risc-v embedded gcc/bin/../lib/gcc/riscv-none-embed/8.2.0/../../../../riscv-none-embed/lib/rv32imac/ilp32\libg_nano.a(lib_a-strcmp.o)
 .bss           0x0000000000000000        0x0 d:/虚拟实验环境/risc-v embedded gcc/bin/../lib/gcc/riscv-none-embed/8.2.0/../../../../riscv-none-embed/lib/rv32imac/ilp32\libg_nano.a(lib_a-strcmp.o)
 .text          0x0000000000000000        0x0 d:/虚拟实验环境/risc-v embedded gcc/bin/../lib/gcc/riscv-none-embed/8.2.0/../../../../riscv-none-embed/lib/rv32imac/ilp32\libg_nano.a(lib_a-strlen.o)
 .data          0x0000000000000000        0x0 d:/虚拟实验环境/risc-v embedded gcc/bin/../lib/gcc/riscv-none-embed/8.2.0/../../../../riscv-none-embed/lib/rv32imac/ilp32\libg_nano.a(lib_a-strlen.o)
 .bss           0x0000000000000000        0x0 d:/虚拟实验环境/risc-v embedded gcc/bin/../lib/gcc/riscv-none-embed/8.2.0/../../../../riscv-none-embed/lib/rv32imac/ilp32\libg_nano.a(lib_a-strlen.o)
 .text          0x0000000000000000        0x0 d:/虚拟实验环境/risc-v embedded gcc/bin/../lib/gcc/riscv-none-embed/8.2.0/../../../../riscv-none-embed/lib/rv32imac/ilp32\libg_nano.a(lib_a-strncmp.o)
 .data          0x0000000000000000        0x0 d:/虚拟实验环境/risc-v embedded gcc/bin/../lib/gcc/riscv-none-embed/8.2.0/../../../../riscv-none-embed/lib/rv32imac/ilp32\libg_nano.a(lib_a-strncmp.o)
 .bss           0x0000000000000000        0x0 d:/虚拟实验环境/risc-v embedded gcc/bin/../lib/gcc/riscv-none-embed/8.2.0/../../../../riscv-none-embed/lib/rv32imac/ilp32\libg_nano.a(lib_a-strncmp.o)
 .text.strncmp  0x0000000000000000       0x2c d:/虚拟实验环境/risc-v embedded gcc/bin/../lib/gcc/riscv-none-embed/8.2.0/../../../../riscv-none-embed/lib/rv32imac/ilp32\libg_nano.a(lib_a-strncmp.o)
 .debug_frame   0x0000000000000000       0x20 d:/虚拟实验环境/risc-v embedded gcc/bin/../lib/gcc/riscv-none-embed/8.2.0/../../../../riscv-none-embed/lib/rv32imac/ilp32\libg_nano.a(lib_a-strncmp.o)

Memory Configuration

Name             Origin             Length             Attributes
INTVEC           0x000000000001c400 0x0000000000000400 xr
FLASH            0x000000000001c400 0x000000000005bb00 xr
RAM              0x0000000020005000 0x000000000001b000 xrw
*default*        0x0000000000000000 0xffffffffffffffff

Linker script and memory map

LOAD ./obj/emuart.o
LOAD ./obj/system_ch32v30x.o
LOAD ./obj/flash.o
LOAD ./obj/gec.o
LOAD ./obj/uart.o
LOAD ./obj/core_riscv.o
LOAD ./obj/user.o
LOAD ./obj/printf.o
LOAD ./obj/main.o
LOAD ./obj/gpio.o
LOAD ./obj/isr.o
LOAD ./obj/startup_ch32v30x.o
LOAD d:/虚拟实验环境/risc-v embedded gcc/bin/../lib/gcc/riscv-none-embed/8.2.0/rv32imac/ilp32\libgcc.a
LOAD d:/虚拟实验环境/risc-v embedded gcc/bin/../lib/gcc/riscv-none-embed/8.2.0/../../../../riscv-none-embed/lib/rv32imac/ilp32\libg_nano.a
LOAD d:/虚拟实验环境/risc-v embedded gcc/bin/../lib/gcc/riscv-none-embed/8.2.0/../../../../riscv-none-embed/lib/rv32imac/ilp32\libc_nano.a
LOAD d:/虚拟实验环境/risc-v embedded gcc/bin/../lib/gcc/riscv-none-embed/8.2.0/rv32imac/ilp32\libgcc.a
START GROUP
LOAD d:/虚拟实验环境/risc-v embedded gcc/bin/../lib/gcc/riscv-none-embed/8.2.0/rv32imac/ilp32\libgcc.a
LOAD d:/虚拟实验环境/risc-v embedded gcc/bin/../lib/gcc/riscv-none-embed/8.2.0/../../../../riscv-none-embed/lib/rv32imac/ilp32\libc_nano.a
LOAD d:/虚拟实验环境/risc-v embedded gcc/bin/../lib/gcc/riscv-none-embed/8.2.0/../../../../riscv-none-embed/lib/rv32imac/ilp32\libnosys.a
END GROUP
START GROUP
LOAD d:/虚拟实验环境/risc-v embedded gcc/bin/../lib/gcc/riscv-none-embed/8.2.0/rv32imac/ilp32\libgcc.a
LOAD d:/虚拟实验环境/risc-v embedded gcc/bin/../lib/gcc/riscv-none-embed/8.2.0/../../../../riscv-none-embed/lib/rv32imac/ilp32\libc_nano.a
LOAD d:/虚拟实验环境/risc-v embedded gcc/bin/../lib/gcc/riscv-none-embed/8.2.0/../../../../riscv-none-embed/lib/rv32imac/ilp32\libnosys.a
END GROUP
                0x0000000000000100                MCU_SECTORSIZE = 0x100
                0x0000000000000000                MCU_FLASH_ADDR_START = 0x0
                0x00000000000001c4                GEC_USER_SECTOR_START = 0x1c4
                0x000000000000077f                GEC_USER_SECTOR_END = 0x77f
                0x0000000020005000                GEC_USER_RAM_START = 0x20005000
                0x0000000020020000                GEC_USER_RAM_END = 0x20020000
                0x0000000020020000                _eusrstack = 0x20020000
                0x0000000000000800                __stack_size = 0x800
                [!provide]                        PROVIDE (_stack_size = __stack_size)

.init           0x000000000001c400       0x38
                0x000000000001c400                _sinit = .
                0x000000000001c400                . = ALIGN (0x4)
 *(SORT_NONE(.init))
 .init          0x000000000001c400       0x38 ./obj/startup_ch32v30x.o
                0x000000000001c400                _start
                0x000000000001c438                . = ALIGN (0x4)
                0x000000000001c438                _einit = .

.vector         0x000000000001c438      0x1c8
 *(.vector)
 .vector        0x000000000001c438      0x1a0 ./obj/startup_ch32v30x.o
                0x000000000001c600                . = ALIGN (0x40)
 *fill*         0x000000000001c5d8       0x28 

.text           0x000000000001c600     0x3018
                0x000000000001c600                . = ALIGN (0x4)
 *(.text)
 .text          0x000000000001c600      0x2f0 ./obj/main.o
                0x000000000001c738                main
 *fill*         0x000000000001c8f0        0x0 
 .text          0x000000000001c8f0      0x2a2 ./obj/gpio.o
                0x000000000001c90a                gpio_init
                0x000000000001ca2a                gpio_set
                0x000000000001cace                gpio_reverse
                0x000000000001cb46                gpio_get
 *fill*         0x000000000001cb92        0xe 
 .text          0x000000000001cba0       0x38 ./obj/isr.o
                0x000000000001cba0                UART_User_Handler
                0x000000000001cba0                UART2_Handler
 .text          0x000000000001cbd8       0xa8 d:/虚拟实验环境/risc-v embedded gcc/bin/../lib/gcc/riscv-none-embed/8.2.0/../../../../riscv-none-embed/lib/rv32imac/ilp32\libg_nano.a(lib_a-memset.o)
                0x000000000001cbd8                memset
 *(.text.*)
 .text.SetSysClockTo72
                0x000000000001cc80       0xd4 ./obj/system_ch32v30x.o
 .text.SetSysClock
                0x000000000001cd54        0xc ./obj/system_ch32v30x.o
 .text.SystemInit
                0x000000000001cd60       0x4c ./obj/system_ch32v30x.o
                0x000000000001cd60                SystemInit
 .text.flash_init
                0x000000000001cdac       0x46 ./obj/flash.o
                0x000000000001cdac                flash_init
 .text.flash_erase
                0x000000000001cdf2       0x5a ./obj/flash.o
                0x000000000001cdf2                flash_erase
 .text.flash_read_logic
                0x000000000001ce4c       0x1a ./obj/flash.o
                0x000000000001ce4c                flash_read_logic
 .text.flash_read_physical
                0x000000000001ce66        0xe ./obj/flash.o
                0x000000000001ce66                flash_read_physical
 .text.flash_isempty
                0x000000000001ce74       0x2c ./obj/flash.o
                0x000000000001ce74                flash_isempty
 .text.flash_Best
                0x000000000001cea0       0x96 ./obj/flash.o
                0x000000000001cea0                flash_Best
 .text.flash_write
                0x000000000001cf36       0xd6 ./obj/flash.o
                0x000000000001cf36                flash_write
 .text.flash_write_physical
                0x000000000001d00c       0x3e ./obj/flash.o
                0x000000000001d00c                flash_write_physical
 .text.Vectors_Init
                0x000000000001d04a       0xa4 ./obj/gec.o
                0x000000000001d04a                Vectors_Init
 .text.uart_is_uartNo
                0x000000000001d0ee       0x14 ./obj/uart.o
                0x000000000001d0ee                uart_is_uartNo
 .text.uart_init
                0x000000000001d102      0x1f2 ./obj/uart.o
                0x000000000001d102                uart_init
 .text.uart_send1
                0x000000000001d2f4       0x60 ./obj/uart.o
                0x000000000001d2f4                uart_send1
 .text.uart_re1
                0x000000000001d354       0x70 ./obj/uart.o
                0x000000000001d354                uart_re1
 .text.uart_enable_re_int
                0x000000000001d3c4       0x56 ./obj/uart.o
                0x000000000001d3c4                uart_enable_re_int
 .text.USART2_IRQHandler
                0x000000000001d41a        0x8 ./obj/user.o
                0x000000000001d41a                USART2_IRQHandler
 .text.printk_putc
                0x000000000001d422       0x3c ./obj/printf.o
 .text.printk_mknumstr
                0x000000000001d45e       0x80 ./obj/printf.o
 .text.printk_pad_zero
                0x000000000001d4de       0x34 ./obj/printf.o
 .text.printk_pad_space
                0x000000000001d512       0x34 ./obj/printf.o
 .text.out_char
                0x000000000001d546       0x12 ./obj/printf.o
                0x000000000001d546                out_char
 .text.printk_mkfloatstr
                0x000000000001d558      0x1c8 ./obj/printf.o
                0x000000000001d558                printk_mkfloatstr
 .text.printk   0x000000000001d720      0x530 ./obj/printf.o
                0x000000000001d720                printk
 .text.myprintf
                0x000000000001dc50       0x30 ./obj/printf.o
                0x000000000001dc50                myprintf
 .text.handle_reset
                0x000000000001dc80       0x9e ./obj/startup_ch32v30x.o
                0x000000000001dc80                handle_reset
 .text.__udivdi3
                0x000000000001dd1e      0x398 d:/虚拟实验环境/risc-v embedded gcc/bin/../lib/gcc/riscv-none-embed/8.2.0/rv32imac/ilp32\libgcc.a(_udivdi3.o)
                0x000000000001dd1e                __udivdi3
 .text.__umoddi3
                0x000000000001e0b6      0x38e d:/虚拟实验环境/risc-v embedded gcc/bin/../lib/gcc/riscv-none-embed/8.2.0/rv32imac/ilp32\libgcc.a(_umoddi3.o)
                0x000000000001e0b6                __umoddi3
 .text.__ledf2  0x000000000001e444       0xb6 d:/虚拟实验环境/risc-v embedded gcc/bin/../lib/gcc/riscv-none-embed/8.2.0/rv32imac/ilp32\libgcc.a(ledf2.o)
                0x000000000001e444                __ledf2
                0x000000000001e444                __ltdf2
 .text.__muldf3
                0x000000000001e4fa      0x4b8 d:/虚拟实验环境/risc-v embedded gcc/bin/../lib/gcc/riscv-none-embed/8.2.0/rv32imac/ilp32\libgcc.a(muldf3.o)
                0x000000000001e4fa                __muldf3
 .text.__subdf3
                0x000000000001e9b2      0x73a d:/虚拟实验环境/risc-v embedded gcc/bin/../lib/gcc/riscv-none-embed/8.2.0/rv32imac/ilp32\libgcc.a(subdf3.o)
                0x000000000001e9b2                __subdf3
 .text.__fixunsdfsi
                0x000000000001f0ec       0x5c d:/虚拟实验环境/risc-v embedded gcc/bin/../lib/gcc/riscv-none-embed/8.2.0/rv32imac/ilp32\libgcc.a(fixunsdfsi.o)
                0x000000000001f0ec                __fixunsdfsi
 .text.__floatunsidf
                0x000000000001f148       0x66 d:/虚拟实验环境/risc-v embedded gcc/bin/../lib/gcc/riscv-none-embed/8.2.0/rv32imac/ilp32\libgcc.a(floatunsidf.o)
                0x000000000001f148                __floatunsidf
 .text.__fixunsdfdi
                0x000000000001f1ae       0x9e d:/虚拟实验环境/risc-v embedded gcc/bin/../lib/gcc/riscv-none-embed/8.2.0/rv32imac/ilp32\libgcc.a(fixunsdfdi.o)
                0x000000000001f1ae                __fixunsdfdi
 .text.__clzsi2
                0x000000000001f24c       0x76 d:/虚拟实验环境/risc-v embedded gcc/bin/../lib/gcc/riscv-none-embed/8.2.0/rv32imac/ilp32\libgcc.a(_clzsi2.o)
                0x000000000001f24c                __clzsi2
 .text.memcpy   0x000000000001f2c2       0xb6 d:/虚拟实验环境/risc-v embedded gcc/bin/../lib/gcc/riscv-none-embed/8.2.0/../../../../riscv-none-embed/lib/rv32imac/ilp32\libg_nano.a(lib_a-memcpy.o)
                0x000000000001f2c2                memcpy
 .text.strlen   0x000000000001f378       0x12 d:/虚拟实验环境/risc-v embedded gcc/bin/../lib/gcc/riscv-none-embed/8.2.0/../../../../riscv-none-embed/lib/rv32imac/ilp32\libg_nano.a(lib_a-strlen.o)
                0x000000000001f378                strlen
 *(.rodata)
 *(.rodata*)
 *fill*         0x000000000001f38a        0x2 
 .rodata.Vectors_Init.str1.4
                0x000000000001f38c       0x68 ./obj/gec.o
                                         0x67 (size before relaxing)
 .rodata.printk
                0x000000000001f3f4       0xc8 ./obj/printf.o
 *fill*         0x000000000001f4bc        0x4 
 .rodata.printk_mkfloatstr.cst8
                0x000000000001f4c0       0x18 ./obj/printf.o
 .rodata.__muldf3
                0x000000000001f4d8       0x40 d:/虚拟实验环境/risc-v embedded gcc/bin/../lib/gcc/riscv-none-embed/8.2.0/rv32imac/ilp32\libgcc.a(muldf3.o)
 .rodata.__clz_tab
                0x000000000001f518      0x100 d:/虚拟实验环境/risc-v embedded gcc/bin/../lib/gcc/riscv-none-embed/8.2.0/rv32imac/ilp32\libgcc.a(_clz.o)
                0x000000000001f518                __clz_tab
 *(.glue_7)
 *(.glue_7t)
 *(.gnu.linkonce.t.*)
                0x000000000001f618                . = ALIGN (0x4)

.rela.dyn       0x000000000001f618        0x0
 .rela.text.Vectors_Init
                0x000000000001f618        0x0 ./obj/system_ch32v30x.o
 .rela.init     0x000000000001f618        0x0 ./obj/system_ch32v30x.o
 .rela.vector   0x000000000001f618        0x0 ./obj/system_ch32v30x.o
 .rela.text.handle_reset
                0x000000000001f618        0x0 ./obj/system_ch32v30x.o

.fini           0x000000000001f618        0x0
 *(SORT_NONE(.fini))
                0x000000000001f618                . = ALIGN (0x4)
                [!provide]                        PROVIDE (_etext = .)
                [!provide]                        PROVIDE (_eitcm = .)

.preinit_array  0x000000000001f618        0x0
                [!provide]                        PROVIDE (__preinit_array_start = .)
 *(.preinit_array)
                [!provide]                        PROVIDE (__preinit_array_end = .)

.init_array     0x000000000001f618        0x0
                [!provide]                        PROVIDE (__init_array_start = .)
 *(SORT_BY_INIT_PRIORITY(.init_array.*) SORT_BY_INIT_PRIORITY(.ctors.*))
 *(.init_array EXCLUDE_FILE(*crtend?.o *crtend.o *crtbegin?.o *crtbegin.o) .ctors)
                [!provide]                        PROVIDE (__init_array_end = .)

.fini_array     0x000000000001f618        0x0
                [!provide]                        PROVIDE (__fini_array_start = .)
 *(SORT_BY_INIT_PRIORITY(.fini_array.*) SORT_BY_INIT_PRIORITY(.dtors.*))
 *(.fini_array EXCLUDE_FILE(*crtend?.o *crtend.o *crtbegin?.o *crtbegin.o) .dtors)
                [!provide]                        PROVIDE (__fini_array_end = .)

.ctors
 *crtbegin.o(.ctors)
 *crtbegin?.o(.ctors)
 *(EXCLUDE_FILE(*crtend?.o *crtend.o) .ctors)
 *(SORT_BY_NAME(.ctors.*))
 *(.ctors)

.dtors
 *crtbegin.o(.dtors)
 *crtbegin?.o(.dtors)
 *(EXCLUDE_FILE(*crtend?.o *crtend.o) .dtors)
 *(SORT_BY_NAME(.dtors.*))
 *(.dtors)

.dalign         0x0000000020005000        0x0 load address 0x000000000001f618
                0x0000000020005000                . = ALIGN (0x4)
                0x0000000020005000                PROVIDE (_data_vma = .)

.dlalign        0x000000000001f618        0x0
                0x000000000001f618                . = ALIGN (0x4)
                0x000000000001f618                PROVIDE (_data_lma = .)

.data           0x0000000020005000       0xb8 load address 0x000000000001f618
 *(.gnu.linkonce.r.*)
 *(.data .data.*)
 .data.USART_ARR
                0x0000000020005000        0xc ./obj/uart.o
                0x0000000020005000                USART_ARR
 .data.table_irq_uart
                0x000000002000500c        0xc ./obj/uart.o
                0x000000002000500c                table_irq_uart
 *fill*         0x0000000020005018        0x8 
 .data          0x0000000020005020       0x89 ./obj/main.o
 *fill*         0x00000000200050a9        0x7 
 .data          0x00000000200050b0        0x1 ./obj/isr.o
 *(.gnu.linkonce.d.*)
                0x00000000200050b8                . = ALIGN (0x8)
 *fill*         0x00000000200050b1        0x7 
                0x00000000200058b8                PROVIDE (__global_pointer$ = (. + 0x800))
 *(.sdata .sdata.*)
 *(.sdata2.*)
 *(.gnu.linkonce.s.*)
                0x00000000200050b8                . = ALIGN (0x8)
 *(.srodata.cst16)
 *(.srodata.cst8)
 *(.srodata.cst4)
 *(.srodata.cst2)
 *(.srodata .srodata.*)
                0x00000000200050b8                . = ALIGN (0x4)
                0x00000000200050b8                PROVIDE (_edata = .)

.bss            0x00000000200050b8        0x4 load address 0x000000000001f6d0
                0x00000000200050b8                . = ALIGN (0x4)
                0x00000000200050b8                PROVIDE (_sbss = .)
 *(.sbss*)
 *(.gnu.linkonce.sb.*)
 *(.bss*)
 *(.gnu.linkonce.b.*)
 *(COMMON*)
 COMMON         0x00000000200050b8        0x4 ./obj/gec.o
                0x00000000200050b8                component_fun
                0x00000000200050bc                . = ALIGN (0x4)
                0x00000000200050bc                PROVIDE (_ebss = .)
                [!provide]                        PROVIDE (_end = _ebss)
                [!provide]                        PROVIDE (end = .)

.stack          0x000000002001f800      0x800
                0x000000002001f800                . = ALIGN (0x4)
                [!provide]                        PROVIDE (_susrstack = .)
                0x0000000020020000                . = (. + __stack_size)
 *fill*         0x000000002001f800      0x800 
                [!provide]                        PROVIDE (_eusrstack = .)
OUTPUT(三色灯的二组合和三组合.elf elf32-littleriscv)

.debug_info     0x0000000000000000     0x56a0
 .debug_info    0x0000000000000000      0x343 ./obj/system_ch32v30x.o
 .debug_info    0x0000000000000343     0x143e ./obj/flash.o
 .debug_info    0x0000000000001781      0xacc ./obj/gec.o
 .debug_info    0x000000000000224d     0x14f3 ./obj/uart.o
 .debug_info    0x0000000000003740      0x982 ./obj/user.o
 .debug_info    0x00000000000040c2     0x154a ./obj/printf.o
 .debug_info    0x000000000000560c       0x26 ./obj/main.o
 .debug_info    0x0000000000005632       0x26 ./obj/gpio.o
 .debug_info    0x0000000000005658       0x26 ./obj/isr.o
 .debug_info    0x000000000000567e       0x22 ./obj/startup_ch32v30x.o

.debug_abbrev   0x0000000000000000     0x10f3
 .debug_abbrev  0x0000000000000000      0x19b ./obj/system_ch32v30x.o
 .debug_abbrev  0x000000000000019b      0x3bd ./obj/flash.o
 .debug_abbrev  0x0000000000000558      0x23b ./obj/gec.o
 .debug_abbrev  0x0000000000000793      0x3a6 ./obj/uart.o
 .debug_abbrev  0x0000000000000b39      0x202 ./obj/user.o
 .debug_abbrev  0x0000000000000d3b      0x36a ./obj/printf.o
 .debug_abbrev  0x00000000000010a5       0x14 ./obj/main.o
 .debug_abbrev  0x00000000000010b9       0x14 ./obj/gpio.o
 .debug_abbrev  0x00000000000010cd       0x14 ./obj/isr.o
 .debug_abbrev  0x00000000000010e1       0x12 ./obj/startup_ch32v30x.o

.debug_loc      0x0000000000000000     0x220f
 .debug_loc     0x0000000000000000       0xe3 ./obj/system_ch32v30x.o
 .debug_loc     0x00000000000000e3      0xb4a ./obj/flash.o
 .debug_loc     0x0000000000000c2d       0x24 ./obj/gec.o
 .debug_loc     0x0000000000000c51      0x4a9 ./obj/uart.o
 .debug_loc     0x00000000000010fa     0x1115 ./obj/printf.o

.debug_aranges  0x0000000000000000      0x288
 .debug_aranges
                0x0000000000000000       0x38 ./obj/system_ch32v30x.o
 .debug_aranges
                0x0000000000000038       0xc0 ./obj/flash.o
 .debug_aranges
                0x00000000000000f8       0x20 ./obj/gec.o
 .debug_aranges
                0x0000000000000118       0x70 ./obj/uart.o
 .debug_aranges
                0x0000000000000188       0x20 ./obj/user.o
 .debug_aranges
                0x00000000000001a8       0x58 ./obj/printf.o
 .debug_aranges
                0x0000000000000200       0x20 ./obj/main.o
 .debug_aranges
                0x0000000000000220       0x20 ./obj/gpio.o
 .debug_aranges
                0x0000000000000240       0x20 ./obj/isr.o
 .debug_aranges
                0x0000000000000260       0x28 ./obj/startup_ch32v30x.o

.debug_ranges   0x0000000000000000      0x1d8
 .debug_ranges  0x0000000000000000       0x28 ./obj/system_ch32v30x.o
 .debug_ranges  0x0000000000000028       0xc8 ./obj/flash.o
 .debug_ranges  0x00000000000000f0       0x10 ./obj/gec.o
 .debug_ranges  0x0000000000000100       0x60 ./obj/uart.o
 .debug_ranges  0x0000000000000160       0x10 ./obj/user.o
 .debug_ranges  0x0000000000000170       0x48 ./obj/printf.o
 .debug_ranges  0x00000000000001b8       0x20 ./obj/startup_ch32v30x.o

.debug_line     0x0000000000000000     0x51aa
 .debug_line    0x0000000000000000      0x61f ./obj/system_ch32v30x.o
 .debug_line    0x000000000000061f     0x19c9 ./obj/flash.o
 .debug_line    0x0000000000001fe8      0x327 ./obj/gec.o
 .debug_line    0x000000000000230f      0xbfe ./obj/uart.o
 .debug_line    0x0000000000002f0d      0x248 ./obj/user.o
 .debug_line    0x0000000000003155     0x164f ./obj/printf.o
 .debug_line    0x00000000000047a4      0x300 ./obj/main.o
 .debug_line    0x0000000000004aa4      0x558 ./obj/gpio.o
 .debug_line    0x0000000000004ffc       0x9b ./obj/isr.o
 .debug_line    0x0000000000005097      0x113 ./obj/startup_ch32v30x.o

.debug_str      0x0000000000000000     0x11ff
 .debug_str     0x0000000000000000      0x28c ./obj/system_ch32v30x.o
                                        0x2e4 (size before relaxing)
 .debug_str     0x000000000000028c      0x5fc ./obj/flash.o
                                        0x82c (size before relaxing)
 .debug_str     0x0000000000000888       0x39 ./obj/gec.o
                                        0x5fc (size before relaxing)
 .debug_str     0x00000000000008c1      0x74d ./obj/uart.o
                                        0xd67 (size before relaxing)
 .debug_str     0x000000000000100e       0x2c ./obj/user.o
                                        0x5a8 (size before relaxing)
 .debug_str     0x000000000000103a      0x17e ./obj/printf.o
                                        0x73f (size before relaxing)
 .debug_str     0x00000000000011b8       0x18 ./obj/main.o
                                         0x4b (size before relaxing)
 .debug_str     0x00000000000011d0        0xc ./obj/gpio.o
                                         0x4b (size before relaxing)
 .debug_str     0x00000000000011dc        0xb ./obj/isr.o
                                         0x4a (size before relaxing)
 .debug_str     0x00000000000011e7       0x18 ./obj/startup_ch32v30x.o
                                         0x57 (size before relaxing)

.comment        0x0000000000000000       0x33
 .comment       0x0000000000000000       0x33 ./obj/system_ch32v30x.o
                                         0x34 (size before relaxing)
 .comment       0x0000000000000033       0x34 ./obj/flash.o
 .comment       0x0000000000000033       0x34 ./obj/gec.o
 .comment       0x0000000000000033       0x34 ./obj/uart.o
 .comment       0x0000000000000033       0x34 ./obj/user.o
 .comment       0x0000000000000033       0x34 ./obj/printf.o

.debug_frame    0x0000000000000000      0x764
 .debug_frame   0x0000000000000000       0x74 ./obj/system_ch32v30x.o
 .debug_frame   0x0000000000000074      0x204 ./obj/flash.o
 .debug_frame   0x0000000000000278       0x30 ./obj/gec.o
 .debug_frame   0x00000000000002a8      0x1ac ./obj/uart.o
 .debug_frame   0x0000000000000454       0x20 ./obj/user.o
 .debug_frame   0x0000000000000474      0x160 ./obj/printf.o
 .debug_frame   0x00000000000005d4       0x20 d:/虚拟实验环境/risc-v embedded gcc/bin/../lib/gcc/riscv-none-embed/8.2.0/rv32imac/ilp32\libgcc.a(ledf2.o)
 .debug_frame   0x00000000000005f4       0x54 d:/虚拟实验环境/risc-v embedded gcc/bin/../lib/gcc/riscv-none-embed/8.2.0/rv32imac/ilp32\libgcc.a(muldf3.o)
 .debug_frame   0x0000000000000648       0x44 d:/虚拟实验环境/risc-v embedded gcc/bin/../lib/gcc/riscv-none-embed/8.2.0/rv32imac/ilp32\libgcc.a(subdf3.o)
 .debug_frame   0x000000000000068c       0x20 d:/虚拟实验环境/risc-v embedded gcc/bin/../lib/gcc/riscv-none-embed/8.2.0/rv32imac/ilp32\libgcc.a(fixunsdfsi.o)
 .debug_frame   0x00000000000006ac       0x38 d:/虚拟实验环境/risc-v embedded gcc/bin/../lib/gcc/riscv-none-embed/8.2.0/rv32imac/ilp32\libgcc.a(floatunsidf.o)
 .debug_frame   0x00000000000006e4       0x20 d:/虚拟实验环境/risc-v embedded gcc/bin/../lib/gcc/riscv-none-embed/8.2.0/rv32imac/ilp32\libgcc.a(fixunsdfdi.o)
 .debug_frame   0x0000000000000704       0x20 d:/虚拟实验环境/risc-v embedded gcc/bin/../lib/gcc/riscv-none-embed/8.2.0/rv32imac/ilp32\libgcc.a(_clzsi2.o)
 .debug_frame   0x0000000000000724       0x20 d:/虚拟实验环境/risc-v embedded gcc/bin/../lib/gcc/riscv-none-embed/8.2.0/../../../../riscv-none-embed/lib/rv32imac/ilp32\libg_nano.a(lib_a-memcpy.o)
 .debug_frame   0x0000000000000744       0x20 d:/虚拟实验环境/risc-v embedded gcc/bin/../lib/gcc/riscv-none-embed/8.2.0/../../../../riscv-none-embed/lib/rv32imac/ilp32\libg_nano.a(lib_a-strlen.o)
